// Jest Snapshot v1, https://goo.gl/fbAQLP

exports[`renders without errors 1`] = `
<styled.div>
  <styled.div>
    <styled.div>
      ???
    </styled.div>
  </styled.div>
</styled.div>
`;
